2023-11-11 03:00:49 - Method info called
